D:\Projekty BER\Panasonic_LinkaPowerCP_A2019059\Temp\Includes\AS_TempDecl\Config1\GlobalComponents\McElements.var
D:\Projekty BER\Panasonic_LinkaPowerCP_A2019059\Temp\Includes\AS_TempDecl\Config1\GlobalComponents\MpComponents.var
D:\Projekty BER\Panasonic_LinkaPowerCP_A2019059\Logical\Global.typ
D:\Projekty BER\Panasonic_LinkaPowerCP_A2019059\Logical\KameryGlobal.typ
D:\Projekty BER\Panasonic_LinkaPowerCP_A2019059\Logical\Global.var
D:\Projekty BER\Panasonic_LinkaPowerCP_A2019059\Logical\KameryGlobal.var
D:\Projekty BER\Panasonic_LinkaPowerCP_A2019059\Logical\Libraries\operator\operator.fun
D:\Projekty BER\Panasonic_LinkaPowerCP_A2019059\Logical\Libraries\operator\operator.typ
D:\Projekty BER\Panasonic_LinkaPowerCP_A2019059\Logical\Libraries\operator\operator.var
D:\Projekty BER\Panasonic_LinkaPowerCP_A2019059\Logical\Libraries\runtime\runtime.fun
D:\Projekty BER\Panasonic_LinkaPowerCP_A2019059\Logical\Libraries\runtime\runtime.typ
D:\Projekty BER\Panasonic_LinkaPowerCP_A2019059\Logical\Libraries\runtime\runtime.var
D:\Projekty BER\Panasonic_LinkaPowerCP_A2019059\Logical\Libraries\astime\astime.fun
D:\Projekty BER\Panasonic_LinkaPowerCP_A2019059\Logical\Libraries\astime\astime.typ
D:\Projekty BER\Panasonic_LinkaPowerCP_A2019059\Logical\Libraries\astime\astime.var
D:\Projekty BER\Panasonic_LinkaPowerCP_A2019059\Logical\Libraries\AsIecCon\AsIecCon.fun
D:\Projekty BER\Panasonic_LinkaPowerCP_A2019059\Logical\Libraries\AsIecCon\AsIecCon.typ
D:\Projekty BER\Panasonic_LinkaPowerCP_A2019059\Logical\Libraries\AsIecCon\AsIecCon.var
D:\Projekty BER\Panasonic_LinkaPowerCP_A2019059\Logical\Libraries\AsZip\AsZip.fun
D:\Projekty BER\Panasonic_LinkaPowerCP_A2019059\Logical\Libraries\AsZip\AsZip.typ
D:\Projekty BER\Panasonic_LinkaPowerCP_A2019059\Logical\Libraries\AsZip\AsZip.var
D:\Projekty BER\Panasonic_LinkaPowerCP_A2019059\Logical\Libraries\FileIO\FileIO.fun
D:\Projekty BER\Panasonic_LinkaPowerCP_A2019059\Logical\Libraries\FileIO\FileIO.typ
D:\Projekty BER\Panasonic_LinkaPowerCP_A2019059\Logical\Libraries\FileIO\FileIO.var
D:\Projekty BER\Panasonic_LinkaPowerCP_A2019059\Logical\Libraries\AsBrStr\AsBrStr.fun
D:\Projekty BER\Panasonic_LinkaPowerCP_A2019059\Logical\Libraries\AsBrStr\AsBrStr.typ
D:\Projekty BER\Panasonic_LinkaPowerCP_A2019059\Logical\Libraries\AsBrStr\AsBrStr.var
D:\Projekty BER\Panasonic_LinkaPowerCP_A2019059\Logical\Libraries\sys_lib\sys_lib.fun
D:\Projekty BER\Panasonic_LinkaPowerCP_A2019059\Logical\Libraries\sys_lib\sys_lib.typ
D:\Projekty BER\Panasonic_LinkaPowerCP_A2019059\Logical\Libraries\sys_lib\sys_lib.var
D:\Projekty BER\Panasonic_LinkaPowerCP_A2019059\Logical\Libraries\dvframe\dvframe.fun
D:\Projekty BER\Panasonic_LinkaPowerCP_A2019059\Logical\Libraries\dvframe\dvframe.typ
D:\Projekty BER\Panasonic_LinkaPowerCP_A2019059\Logical\Libraries\dvframe\dvframe.var
D:\Projekty BER\Panasonic_LinkaPowerCP_A2019059\Logical\Libraries\AsUSB\AsUSB.fun
D:\Projekty BER\Panasonic_LinkaPowerCP_A2019059\Logical\Libraries\AsUSB\AsUSB.typ
D:\Projekty BER\Panasonic_LinkaPowerCP_A2019059\Logical\Libraries\AsUSB\AsUSB.var
D:\Projekty BER\Panasonic_LinkaPowerCP_A2019059\Logical\Libraries\standard\standard.fun
D:\Projekty BER\Panasonic_LinkaPowerCP_A2019059\Logical\Libraries\standard\standard.typ
D:\Projekty BER\Panasonic_LinkaPowerCP_A2019059\Logical\Libraries\standard\standard.var
D:\Projekty BER\Panasonic_LinkaPowerCP_A2019059\Logical\Libraries\asstring\asstring.fun
D:\Projekty BER\Panasonic_LinkaPowerCP_A2019059\Logical\Libraries\asstring\asstring.typ
D:\Projekty BER\Panasonic_LinkaPowerCP_A2019059\Logical\Libraries\asstring\asstring.var
D:\Projekty BER\Panasonic_LinkaPowerCP_A2019059\Logical\Libraries\SC\Types.typ
D:\Projekty BER\Panasonic_LinkaPowerCP_A2019059\Logical\Libraries\SC\Constants.var
D:\Projekty BER\Panasonic_LinkaPowerCP_A2019059\Logical\Libraries\SC\SC.fun
D:\Projekty BER\Panasonic_LinkaPowerCP_A2019059\Logical\Libraries\AxisLib\Types.typ
D:\Projekty BER\Panasonic_LinkaPowerCP_A2019059\Logical\Libraries\AxisLib\Constants.var
D:\Projekty BER\Panasonic_LinkaPowerCP_A2019059\Logical\Libraries\AxisLib\AxisLib.fun
D:\Projekty BER\Panasonic_LinkaPowerCP_A2019059\Logical\Libraries\AsSafety\AsSafety.fun
D:\Projekty BER\Panasonic_LinkaPowerCP_A2019059\Logical\Libraries\AsSafety\AsSafety.typ
D:\Projekty BER\Panasonic_LinkaPowerCP_A2019059\Logical\Libraries\AsSafety\AsSafety.var
D:\Projekty BER\Panasonic_LinkaPowerCP_A2019059\Logical\Libraries\DataObj\DataObj.fun
D:\Projekty BER\Panasonic_LinkaPowerCP_A2019059\Logical\Libraries\DataObj\DataObj.typ
D:\Projekty BER\Panasonic_LinkaPowerCP_A2019059\Logical\Libraries\DataObj\DataObj.var
D:\Projekty BER\Panasonic_LinkaPowerCP_A2019059\Logical\Libraries\AsXml\AsXml.fun
D:\Projekty BER\Panasonic_LinkaPowerCP_A2019059\Logical\Libraries\AsXml\AsXml.typ
D:\Projekty BER\Panasonic_LinkaPowerCP_A2019059\Logical\Libraries\AsXml\AsXml.var
D:\Projekty BER\Panasonic_LinkaPowerCP_A2019059\Logical\Libraries\AsBrWStr\AsBrWStr.fun
D:\Projekty BER\Panasonic_LinkaPowerCP_A2019059\Logical\Libraries\AsBrWStr\AsBrWStr.typ
D:\Projekty BER\Panasonic_LinkaPowerCP_A2019059\Logical\Libraries\AsBrWStr\AsBrWStr.var
D:\Projekty BER\Panasonic_LinkaPowerCP_A2019059\Logical\Libraries\AsIODiag\AsIODiag.fun
D:\Projekty BER\Panasonic_LinkaPowerCP_A2019059\Logical\Libraries\AsIODiag\AsIODiag.typ
D:\Projekty BER\Panasonic_LinkaPowerCP_A2019059\Logical\Libraries\AsIODiag\AsIODiag.var
D:\Projekty BER\Panasonic_LinkaPowerCP_A2019059\Logical\Libraries\AsHttp\AsHttp.fun
D:\Projekty BER\Panasonic_LinkaPowerCP_A2019059\Logical\Libraries\AsHttp\AsHttp.typ
D:\Projekty BER\Panasonic_LinkaPowerCP_A2019059\Logical\Libraries\AsHttp\AsHttp.var
D:\Projekty BER\Panasonic_LinkaPowerCP_A2019059\Logical\Libraries\AsMem\AsMem.fun
D:\Projekty BER\Panasonic_LinkaPowerCP_A2019059\Logical\Libraries\AsMem\AsMem.typ
D:\Projekty BER\Panasonic_LinkaPowerCP_A2019059\Logical\Libraries\AsMem\AsMem.var
D:\Projekty BER\Panasonic_LinkaPowerCP_A2019059\Logical\Libraries\AsMath\AsMath.fun
D:\Projekty BER\Panasonic_LinkaPowerCP_A2019059\Logical\Libraries\AsMath\AsMath.typ
D:\Projekty BER\Panasonic_LinkaPowerCP_A2019059\Logical\Libraries\AsMath\AsMath.var
D:\Projekty BER\Panasonic_LinkaPowerCP_A2019059\Logical\Libraries\AsTCP\AsTCP.fun
D:\Projekty BER\Panasonic_LinkaPowerCP_A2019059\Logical\Libraries\AsTCP\AsTCP.typ
D:\Projekty BER\Panasonic_LinkaPowerCP_A2019059\Logical\Libraries\AsTCP\AsTCP.var
D:\Projekty BER\Panasonic_LinkaPowerCP_A2019059\Logical\Libraries\IecCheck\IecCheck.fun
D:\Projekty BER\Panasonic_LinkaPowerCP_A2019059\Logical\Libraries\AtlasCopco\Types.typ
D:\Projekty BER\Panasonic_LinkaPowerCP_A2019059\Logical\Libraries\AtlasCopco\Constants.var
D:\Projekty BER\Panasonic_LinkaPowerCP_A2019059\Logical\Libraries\AtlasCopco\AtlasCopco.fun
D:\Projekty BER\Panasonic_LinkaPowerCP_A2019059\Logical\Libraries\SKTcp\Types.typ
D:\Projekty BER\Panasonic_LinkaPowerCP_A2019059\Logical\Libraries\SKTcp\Constants.var
D:\Projekty BER\Panasonic_LinkaPowerCP_A2019059\Logical\Libraries\SKTcp\SKTcp.fun
D:\Projekty BER\Panasonic_LinkaPowerCP_A2019059\Logical\Libraries\RFID\RFID.typ
D:\Projekty BER\Panasonic_LinkaPowerCP_A2019059\Logical\Libraries\RFID\RFID.var
D:\Projekty BER\Panasonic_LinkaPowerCP_A2019059\Logical\Libraries\RFID\RFID.fun
D:\Projekty BER\Panasonic_LinkaPowerCP_A2019059\Logical\Libraries\McBase\McBase.typ
D:\Projekty BER\Panasonic_LinkaPowerCP_A2019059\Logical\Libraries\McBase\McBase.fun
D:\Projekty BER\Panasonic_LinkaPowerCP_A2019059\Logical\Libraries\McBase\McBase.var
D:\Projekty BER\Panasonic_LinkaPowerCP_A2019059\Logical\Libraries\McBase\McBaseCfg.typ
D:\Projekty BER\Panasonic_LinkaPowerCP_A2019059\Logical\Libraries\McAcpAx\McAcpAx.typ
D:\Projekty BER\Panasonic_LinkaPowerCP_A2019059\Logical\Libraries\McAcpAx\McAcpAx.fun
D:\Projekty BER\Panasonic_LinkaPowerCP_A2019059\Logical\Libraries\McAcpAx\McAcpAx.var
D:\Projekty BER\Panasonic_LinkaPowerCP_A2019059\Logical\Libraries\McAcpAx\McAcpAxCfg.typ
D:\Projekty BER\Panasonic_LinkaPowerCP_A2019059\Logical\Libraries\McStpAx\McStpAx.typ
D:\Projekty BER\Panasonic_LinkaPowerCP_A2019059\Logical\Libraries\McStpAx\McStpAx.fun
D:\Projekty BER\Panasonic_LinkaPowerCP_A2019059\Logical\Libraries\McStpAx\McStpAx.var
D:\Projekty BER\Panasonic_LinkaPowerCP_A2019059\Logical\Libraries\McStpAx\McStpAxCfg.typ
D:\Projekty BER\Panasonic_LinkaPowerCP_A2019059\Logical\Libraries\McAxis\McAxis.typ
D:\Projekty BER\Panasonic_LinkaPowerCP_A2019059\Logical\Libraries\McAxis\McAxis.fun
D:\Projekty BER\Panasonic_LinkaPowerCP_A2019059\Logical\Libraries\McAxis\McAxis.var
D:\Projekty BER\Panasonic_LinkaPowerCP_A2019059\Logical\Libraries\McAxis\McAxisCfg.typ
D:\Projekty BER\Panasonic_LinkaPowerCP_A2019059\Logical\Libraries\McAcpPar\McAcpPar.var
D:\Projekty BER\Panasonic_LinkaPowerCP_A2019059\Logical\Libraries\MpAxis\MpAxis.fun
D:\Projekty BER\Panasonic_LinkaPowerCP_A2019059\Logical\Libraries\MpAxis\MpAxis.typ
D:\Projekty BER\Panasonic_LinkaPowerCP_A2019059\Logical\Libraries\MpAxis\MpAxisError.typ
D:\Projekty BER\Panasonic_LinkaPowerCP_A2019059\Logical\Libraries\MpBase\MpBase.typ
D:\Projekty BER\Panasonic_LinkaPowerCP_A2019059\Logical\Libraries\MpBase\MpBase.var
D:\Projekty BER\Panasonic_LinkaPowerCP_A2019059\Logical\Libraries\MpBase\MpBase.fun
D:\Projekty BER\Panasonic_LinkaPowerCP_A2019059\Logical\Libraries\MpRecipe\MpRecipe.typ
D:\Projekty BER\Panasonic_LinkaPowerCP_A2019059\Logical\Libraries\MpRecipe\MpRecipeAlarm.typ
D:\Projekty BER\Panasonic_LinkaPowerCP_A2019059\Logical\Libraries\MpRecipe\MpRecipeError.typ
D:\Projekty BER\Panasonic_LinkaPowerCP_A2019059\Logical\Libraries\MpRecipe\MpRecipe.fun
D:\Projekty BER\Panasonic_LinkaPowerCP_A2019059\Logical\Libraries\MpAlarmX\MpAlarmX.typ
D:\Projekty BER\Panasonic_LinkaPowerCP_A2019059\Logical\Libraries\MpAlarmX\MpAlarmXError.typ
D:\Projekty BER\Panasonic_LinkaPowerCP_A2019059\Logical\Libraries\MpAlarmX\MpAlarmX.fun
D:\Projekty BER\Panasonic_LinkaPowerCP_A2019059\Logical\Libraries\MpServer\Types.typ
D:\Projekty BER\Panasonic_LinkaPowerCP_A2019059\Logical\Libraries\MpServer\Constants.var
D:\Projekty BER\Panasonic_LinkaPowerCP_A2019059\Logical\Libraries\MpServer\MpServer.fun
D:\Projekty BER\Panasonic_LinkaPowerCP_A2019059\Logical\Libraries\CoTrace\CoTrace.fun
D:\Projekty BER\Panasonic_LinkaPowerCP_A2019059\Logical\Libraries\CoTrace\CoTrace.typ
D:\Projekty BER\Panasonic_LinkaPowerCP_A2019059\Logical\Libraries\CoTrace\CoTrace.var
D:\Projekty BER\Panasonic_LinkaPowerCP_A2019059\Logical\Receptury\RecipeGlobal.typ
D:\Projekty BER\Panasonic_LinkaPowerCP_A2019059\Logical\Receptury\RecipeGlobal.var
D:\Projekty BER\Panasonic_LinkaPowerCP_A2019059\Logical\Uzivatelia\UsersGlobal.typ
D:\Projekty BER\Panasonic_LinkaPowerCP_A2019059\Logical\Uzivatelia\UsersGlobal.var
D:\Projekty BER\Panasonic_LinkaPowerCP_A2019059\Logical\Alarmy\AlarmyGlobal.typ
D:\Projekty BER\Panasonic_LinkaPowerCP_A2019059\Logical\Alarmy\AlarmyGlobal.var
D:\Projekty BER\Panasonic_LinkaPowerCP_A2019059\Logical\UkladacieBuffery\UkladacieBufferyGlobal.typ
D:\Projekty BER\Panasonic_LinkaPowerCP_A2019059\Logical\UkladacieBuffery\UkladacieBufferyGlobal.var
D:\Projekty BER\Panasonic_LinkaPowerCP_A2019059\Logical\Audit\AuditGlobal.typ
D:\Projekty BER\Panasonic_LinkaPowerCP_A2019059\Logical\Audit\AuditGlobal.var
D:\Projekty BER\Panasonic_LinkaPowerCP_A2019059\Logical\FileExplorer\ExplorerGlobal.typ
D:\Projekty BER\Panasonic_LinkaPowerCP_A2019059\Logical\FileExplorer\ExplorerGlobal.var
D:\Projekty BER\Panasonic_LinkaPowerCP_A2019059\Logical\USBdevice\UsbGlobal.typ
D:\Projekty BER\Panasonic_LinkaPowerCP_A2019059\Logical\USBdevice\UsbGlobal.var
D:\Projekty BER\Panasonic_LinkaPowerCP_A2019059\Logical\NETdevice\NetGlobal.typ
D:\Projekty BER\Panasonic_LinkaPowerCP_A2019059\Logical\NETdevice\NetGlobal.var
D:\Projekty BER\Panasonic_LinkaPowerCP_A2019059\Logical\DatumCasPLC\DatumCasGlobal.var
D:\Projekty BER\Panasonic_LinkaPowerCP_A2019059\Logical\DatumCasPLC\DatumCasGlobal.typ
